time=2026-08-27T17:03:57.255-07:00 level=INFO source=conftamer.go:359 msg="Finding Unmarshalers: Types passed to yaml.Unmarshal"
time=2026-08-27T17:03:59.027-07:00 level=INFO source=conftamer.go:365 msg="Finding rest of Unmarshaler Subgraph: Types contained in Unmarshalers"
time=2026-08-27T17:03:59.027-07:00 level=INFO source=conftamer.go:335 msg="Ignoring Unmarshal call assumed to be in test: 0-indexed call loc {file:///home/ktsg/AppGraph/run-prmtrk/prometheus-src/cmd/promtool/unittest.go 93:16-93:31}"
time=2026-08-27T17:03:59.027-07:00 level=INFO source=conftamer.go:380 msg="Finding descendants of Unmarshaler github.com/prometheus/prometheus/config.Config (0-indexed call locs [{file:///home/ktsg/AppGraph/run-prmtrk/prometheus-src/config/config.go 80:13-80:28} {file:///home/ktsg/AppGraph/run-prmtrk/prometheus-src/scrape/manager_test.go 798:14-798:29} {file:///home/ktsg/AppGraph/run-prmtrk/prometheus-src/config/config_test.go 1905:26-1905:41} {file:///home/ktsg/AppGraph/run-prmtrk/prometheus-src/config/config_test.go 1919:26-1919:41} {file:///home/ktsg/AppGraph/run-prmtrk/prometheus-src/config/config_test.go 1940:26-1940:41} {file:///home/ktsg/AppGraph/run-prmtrk/prometheus-src/config/config_test.go 1953:26-1953:41} {file:///home/ktsg/AppGraph/run-prmtrk/prometheus-src/config/config_test.go 1985:26-1985:41} {file:///home/ktsg/AppGraph/run-prmtrk/prometheus-src/config/config_test.go 1999:26-1999:41} {file:///home/ktsg/AppGraph/run-prmtrk/prometheus-src/config/config_test.go 2013:26-2013:41} {file:///home/ktsg/AppGraph/run-prmtrk/prometheus-src/config/config_test.go 2036:26-2036:41} {file:///home/ktsg/AppGraph/run-prmtrk/prometheus-src/config/config_test.go 3411:25-3411:40} {file:///home/ktsg/AppGraph/run-prmtrk/prometheus-src/config/config_test.go 3464:27-3464:42} {file:///home/ktsg/AppGraph/run-prmtrk/prometheus-src/config/config_test.go 3517:27-3517:42} {file:///home/ktsg/AppGraph/run-prmtrk/prometheus-src/notifier/manager_test.go 610:13-610:28} {file:///home/ktsg/AppGraph/run-prmtrk/prometheus-src/notifier/manager_test.go 661:13-661:28} {file:///home/ktsg/AppGraph/run-prmtrk/prometheus-src/notifier/manager_test.go 1046:25-1046:40} {file:///home/ktsg/AppGraph/run-prmtrk/prometheus-src/notifier/manager_test.go 1072:25-1072:40} {file:///home/ktsg/AppGraph/run-prmtrk/prometheus-src/notifier/manager_test.go 1095:25-1095:40} {file:///home/ktsg/AppGraph/run-prmtrk/prometheus-src/notifier/manager_test.go 1122:25-1122:40} {file:///home/ktsg/AppGraph/run-prmtrk/prometheus-src/notifier/manager_test.go 1401:25-1401:40} {file:///home/ktsg/AppGraph/run-prmtrk/prometheus-src/notifier/manager_test.go 1452:25-1452:40} {file:///home/ktsg/AppGraph/run-prmtrk/prometheus-src/notifier/manager_test.go 1508:25-1508:40} {file:///home/ktsg/AppGraph/run-prmtrk/prometheus-src/notifier/manager_test.go 1533:25-1533:40} {file:///home/ktsg/AppGraph/run-prmtrk/prometheus-src/notifier/manager_test.go 1581:25-1581:40} {file:///home/ktsg/AppGraph/run-prmtrk/prometheus-src/notifier/manager_test.go 1609:25-1609:40}])"
time=2026-08-27T17:04:47.031-07:00 level=WARN source=directed.go:93 msg="Combining edge {Source:k8s.io/apimachinery/pkg/runtime.Serializer Target:k8s.io/apimachinery/pkg/runtime.Codec Properties:{Attributes:map[] Weight:0 Data:[[]]}} into self edge"
time=2026-08-27T17:07:31.479-07:00 level=WARN source=directed.go:93 msg="Combining edge {Source:google.golang.org/grpc/grpclog/internal.LoggerV2 Target:google.golang.org/grpc/grpclog.LoggerV2 Properties:{Attributes:map[] Weight:0 Data:[[]]}} into self edge"
time=2026-08-27T17:11:19.598-07:00 level=WARN source=directed.go:93 msg="Combining edge {Source:google.golang.org/grpc/grpclog/internal.Logger Target:google.golang.org/grpc/grpclog.Logger Properties:{Attributes:map[] Weight:0 Data:[[]]}} into self edge"
time=2026-08-27T17:12:11.450-07:00 level=INFO source=conftamer.go:380 msg="Finding descendants of Unmarshaler github.com/prometheus/prometheus/config.ScrapeConfigs (0-indexed call locs [{file:///home/ktsg/AppGraph/run-prmtrk/prometheus-src/config/config.go 371:14-371:29}])"
time=2026-08-27T17:12:11.464-07:00 level=INFO source=conftamer.go:380 msg="Finding descendants of Unmarshaler github.com/prometheus/prometheus/discovery/targetgroup.Group (0-indexed call locs [{file:///home/ktsg/AppGraph/run-prmtrk/prometheus-src/cmd/promtool/main.go 842:17-842:32} {file:///home/ktsg/AppGraph/run-prmtrk/prometheus-src/discovery/file/file.go 400:17-400:32} {file:///home/ktsg/AppGraph/run-prmtrk/prometheus-src/config/config_test.go 2847:12-2847:27}])"
time=2026-08-27T17:12:11.464-07:00 level=INFO source=conftamer.go:292 msg="Begin stats"
time=2026-08-27T17:12:11.464-07:00 level=INFO source=conftamer.go:298 msg="Total time: 8m14.209746463s"
time=2026-08-27T17:12:11.464-07:00 level=INFO source=conftamer.go:302 msg="gopls definition: 18955 calls, 3m9.009676547s"
time=2026-08-27T17:12:11.464-07:00 level=INFO source=conftamer.go:302 msg="gopls implementation: 1124 calls, 59.70007471s"
time=2026-08-27T17:12:11.464-07:00 level=INFO source=conftamer.go:302 msg="gopls references: 1 calls, 1.733780986s"
time=2026-08-27T17:12:11.464-07:00 level=INFO source=conftamer.go:305 msg="gopls total: 4m10.443532243s"
time=2026-08-27T17:12:11.464-07:00 level=INFO source=conftamer.go:309 msg="graph lib UpdateVertex: 659 calls, 1m2.1688493s"
time=2026-08-27T17:12:11.464-07:00 level=INFO source=conftamer.go:312 msg="graph lib total: 1m2.1688493s"
time=2026-08-27T17:12:11.464-07:00 level=INFO source=conftamer.go:319 msg="18296 nodes, 92695 edges"
time=2026-08-27T17:12:11.516-07:00 level=INFO source=conftamer.go:323 msg="1 roots"
time=2026-08-27T17:12:11.516-07:00 level=INFO source=conftamer.go:324 msg="9229 leaves"
time=2026-08-27T17:12:11.516-07:00 level=INFO source=conftamer.go:294 msg="End stats"
time=2026-08-27T17:12:11.516-07:00 level=INFO source=conftamer.go:390 msg=Serializing
time=2026-08-27T17:12:12.296-07:00 level=INFO source=conftamer.go:392 msg="Serialize: 8m15.041569604s"
time=2026-08-27T17:12:12.296-07:00 level=INFO source=conftamer.go:534 msg="Exit CTypes finder"
